// Jest Snapshot v1, https://goo.gl/fbAQLP

exports[`renders show a department modal 1`] = `
<div
  aria-modal="true"
  class="fade modal show"
  role="dialog"
  style="display: block;"
  tabindex="-1"
>
  <div
    class="modal-dialog modal-xl"
    role="document"
  >
    <div
      class="modal-content"
    >
      <div
        class="modal-body"
      >
        <h1>
          Department: 
          City Attorney
        </h1>
        <table
          class="table table-responsive"
        >
          <thead>
            <tr>
              <th>
                Field
              </th>
              <th>
                Value
              </th>
            </tr>
          </thead>
          <tbody>
            <tr>
              <th
                scope="row"
              >
                name
              </th>
              <td>
                City Attorney
                 
                (
                <i>
                  Spanish
                  : 
                  City Attorney
                </i>
                )
              </td>
            </tr>
          </tbody>
        </table>
        <div
          class="float-left"
        >
          <button
            class="btn btn-blue-text"
          >
            Close
          </button>
        </div>
        <div
          class="float-right"
        >
          <button
            class="btn btn-blue-text"
          >
            Remove
          </button>
          <button
            class="btn btn-blue-text"
          >
            Edit
          </button>
        </div>
      </div>
    </div>
  </div>
</div>
`;
